<html>
<body>
<pre>
<h1>µVision Build Log</h1>
<h2>Project:</h2>
N:\MTE241\Project4\Blinkyjenny\Blinky.uvproj
Project File Date:  07/15/2016

<h2>Output:</h2>
Rebuild target 'LPC1768 Flash'
assembling startup_LPC17xx.s...
compiling system_LPC17xx.c...
compiling GLCD_SPI_LPC1700.c...
compiling Retarget.c...
compiling Serial.c...
compiling LED.c...
compiling Blinky.c...
Blinky.c(360): warning:  #177-D: variable "score" was declared but never referenced
Blinky.c(401): warning:  #223-D: function "Button_init" declared implicitly
compiling ADC.c...
compiling rit.c...
rit.c(33): warning:  #223-D: function "ADC_StartCnv" declared implicitly
rit.c(26): warning:  #177-D: variable "ticks" was declared but never referenced
rit.c(27): warning:  #177-D: variable "shortTicks" was declared but never referenced
rit.c(28): warning:  #177-D: variable "timetick" was declared but never referenced
rit.c(29): warning:  #177-D: variable "leds" was declared but never referenced
compiling IRQ.c...
compiling RTX_Conf_CM.c...
linking...
Program Size: Code=10288 RO-data=6580 RW-data=1868 ZI-data=4564  
".\Flash\Blinky.axf" - 0 Error(s), 7 Warning(s).
Load "N:\\MTE241\\Project4\\Blinkyjenny\\Flash\\Blinky.AXF" 
Erase Done.
